2026-05-12 13:34:42,648 DEBUG    root            Failed to read GCE cache file: [Errno 2] No such file or directory: '/content/.config/gce'
2026-05-12 13:34:54,672 DEBUG    root            Failed to check metadata server: <urlopen error timed out>
2026-05-12 13:34:54,672 DEBUG    root            On GCE from server: False
2026-05-12 13:34:54,675 DEBUG    root            Loaded Command Group: ['gcloud', 'components']
2026-05-12 13:34:54,678 DEBUG    root            Loaded Command Group: ['gcloud', 'components', 'update']
2026-05-12 13:34:54,680 DEBUG    root            Running [gcloud.components.update] with arguments: [--compile-python: "True", --quiet: "True", COMPONENT-IDS:6: "['core', 'gcloud-deps', 'bq', 'gcloud', 'gcloud-crc32c', 'gsutil']"]
2026-05-12 13:34:54,681 INFO     ___FILE_ONLY___ Beginning update. This process may take several minutes.

2026-05-12 13:34:54,694 DEBUG    root            On GCE from memory cache: False
2026-05-12 13:34:54,696 DEBUG    root            On GCE from memory cache: False
2026-05-12 13:34:54,699 DEBUG    urllib3.connectionpool Starting new HTTPS connection (1): dl.google.com:443
2026-05-12 13:34:54,908 DEBUG    urllib3.connectionpool https://dl.google.com:443 "GET /dl/cloudsdk/channels/rapid/components-2.json HTTP/1.1" 200 25078
2026-05-12 13:34:54,920 INFO     ___FILE_ONLY___ 

2026-05-12 13:34:54,921 INFO     ___FILE_ONLY___ 
Your current Google Cloud CLI version is: 568.0.0

2026-05-12 13:34:54,921 INFO     ___FILE_ONLY___ Installing components from version: 568.0.0

2026-05-12 13:34:54,921 INFO     ___FILE_ONLY___ 

2026-05-12 13:34:54,921 DEBUG    root            Chosen display Format:table[box,title="These components will be removed."](details.display_name:label=Name:align=left,version.version_string:label=Version:align=right,data.size.size(zero="",min=1048576):label=Size:align=right)
2026-05-12 13:34:54,922 DEBUG    root            Chosen display Format:table[box,title="These components will be updated."](details.display_name:label=Name:align=left,version.version_string:label=Version:align=right,data.size.size(zero="",min=1048576):label=Size:align=right)
2026-05-12 13:34:54,922 DEBUG    root            Chosen display Format:table[box,title="These components will be installed."](details.display_name:label=Name:align=left,version.version_string:label=Version:align=right,data.size.size(zero="",min=1048576):label=Size:align=right)
2026-05-12 13:34:54,965 INFO     ___FILE_ONLY___ ┌─────────────────────────────────────────────────────────────────────────────┐
2026-05-12 13:34:54,966 INFO     ___FILE_ONLY___ 

2026-05-12 13:34:54,966 INFO     ___FILE_ONLY___ │                     These components will be installed.                     │
2026-05-12 13:34:54,966 INFO     ___FILE_ONLY___ 

2026-05-12 13:34:54,966 INFO     ___FILE_ONLY___ ├─────────────────────────────────────────────────────┬────────────┬──────────┤
2026-05-12 13:34:54,966 INFO     ___FILE_ONLY___ 

2026-05-12 13:34:54,966 INFO     ___FILE_ONLY___ │                         Name                        │  Version   │   Size   │
2026-05-12 13:34:54,966 INFO     ___FILE_ONLY___ 

2026-05-12 13:34:54,966 INFO     ___FILE_ONLY___ ├─────────────────────────────────────────────────────┼────────────┼──────────┤
2026-05-12 13:34:54,966 INFO     ___FILE_ONLY___ 

2026-05-12 13:34:54,966 INFO     ___FILE_ONLY___ │ 
2026-05-12 13:34:54,966 INFO     ___FILE_ONLY___ BigQuery Command Line Tool                         
2026-05-12 13:34:54,966 INFO     ___FILE_ONLY___  
2026-05-12 13:34:54,966 INFO     ___FILE_ONLY___ │ 
2026-05-12 13:34:54,967 INFO     ___FILE_ONLY___     2.1.31
2026-05-12 13:34:54,967 INFO     ___FILE_ONLY___  
2026-05-12 13:34:54,967 INFO     ___FILE_ONLY___ │ 
2026-05-12 13:34:54,967 INFO     ___FILE_ONLY___  1.8 MiB
2026-05-12 13:34:54,967 INFO     ___FILE_ONLY___  
2026-05-12 13:34:54,967 INFO     ___FILE_ONLY___ │
2026-05-12 13:34:54,967 INFO     ___FILE_ONLY___ 

2026-05-12 13:34:54,967 INFO     ___FILE_ONLY___ │ 
2026-05-12 13:34:54,967 INFO     ___FILE_ONLY___ BigQuery Command Line Tool (Platform Specific)     
2026-05-12 13:34:54,967 INFO     ___FILE_ONLY___  
2026-05-12 13:34:54,967 INFO     ___FILE_ONLY___ │ 
2026-05-12 13:34:54,967 INFO     ___FILE_ONLY___     2.1.31
2026-05-12 13:34:54,967 INFO     ___FILE_ONLY___  
2026-05-12 13:34:54,967 INFO     ___FILE_ONLY___ │ 
2026-05-12 13:34:54,968 INFO     ___FILE_ONLY___  < 1 MiB
2026-05-12 13:34:54,968 INFO     ___FILE_ONLY___  
2026-05-12 13:34:54,968 INFO     ___FILE_ONLY___ │
2026-05-12 13:34:54,968 INFO     ___FILE_ONLY___ 

2026-05-12 13:34:54,968 INFO     ___FILE_ONLY___ │ 
2026-05-12 13:34:54,968 INFO     ___FILE_ONLY___ Bundled Python 3.14 (Platform Specific)            
2026-05-12 13:34:54,968 INFO     ___FILE_ONLY___  
2026-05-12 13:34:54,968 INFO     ___FILE_ONLY___ │ 
2026-05-12 13:34:54,968 INFO     ___FILE_ONLY___     3.14.4
2026-05-12 13:34:54,968 INFO     ___FILE_ONLY___  
2026-05-12 13:34:54,969 INFO     ___FILE_ONLY___ │ 
2026-05-12 13:34:54,969 INFO     ___FILE_ONLY___ 25.9 MiB
2026-05-12 13:34:54,969 INFO     ___FILE_ONLY___  
2026-05-12 13:34:54,969 INFO     ___FILE_ONLY___ │
2026-05-12 13:34:54,969 INFO     ___FILE_ONLY___ 

2026-05-12 13:34:54,969 INFO     ___FILE_ONLY___ │ 
2026-05-12 13:34:54,969 INFO     ___FILE_ONLY___ Cloud Storage Command Line Tool                    
2026-05-12 13:34:54,969 INFO     ___FILE_ONLY___  
2026-05-12 13:34:54,969 INFO     ___FILE_ONLY___ │ 
2026-05-12 13:34:54,970 INFO     ___FILE_ONLY___       5.37
2026-05-12 13:34:54,970 INFO     ___FILE_ONLY___  
2026-05-12 13:34:54,970 INFO     ___FILE_ONLY___ │ 
2026-05-12 13:34:54,970 INFO     ___FILE_ONLY___ 12.4 MiB
2026-05-12 13:34:54,970 INFO     ___FILE_ONLY___  
2026-05-12 13:34:54,970 INFO     ___FILE_ONLY___ │
2026-05-12 13:34:54,970 INFO     ___FILE_ONLY___ 

2026-05-12 13:34:54,970 INFO     ___FILE_ONLY___ │ 
2026-05-12 13:34:54,970 INFO     ___FILE_ONLY___ Cloud Storage Command Line Tool (Platform Specific)
2026-05-12 13:34:54,970 INFO     ___FILE_ONLY___  
2026-05-12 13:34:54,970 INFO     ___FILE_ONLY___ │ 
2026-05-12 13:34:54,970 INFO     ___FILE_ONLY___       5.36
2026-05-12 13:34:54,971 INFO     ___FILE_ONLY___  
2026-05-12 13:34:54,971 INFO     ___FILE_ONLY___ │ 
2026-05-12 13:34:54,971 INFO     ___FILE_ONLY___  < 1 MiB
2026-05-12 13:34:54,971 INFO     ___FILE_ONLY___  
2026-05-12 13:34:54,971 INFO     ___FILE_ONLY___ │
2026-05-12 13:34:54,971 INFO     ___FILE_ONLY___ 

2026-05-12 13:34:54,971 INFO     ___FILE_ONLY___ │ 
2026-05-12 13:34:54,971 INFO     ___FILE_ONLY___ Google Cloud CLI Core Libraries (Platform Specific)
2026-05-12 13:34:54,971 INFO     ___FILE_ONLY___  
2026-05-12 13:34:54,971 INFO     ___FILE_ONLY___ │ 
2026-05-12 13:34:54,971 INFO     ___FILE_ONLY___ 2026.04.24
2026-05-12 13:34:54,971 INFO     ___FILE_ONLY___  
2026-05-12 13:34:54,971 INFO     ___FILE_ONLY___ │ 
2026-05-12 13:34:54,972 INFO     ___FILE_ONLY___  < 1 MiB
2026-05-12 13:34:54,972 INFO     ___FILE_ONLY___  
2026-05-12 13:34:54,972 INFO     ___FILE_ONLY___ │
2026-05-12 13:34:54,972 INFO     ___FILE_ONLY___ 

2026-05-12 13:34:54,972 INFO     ___FILE_ONLY___ │ 
2026-05-12 13:34:54,972 INFO     ___FILE_ONLY___ Google Cloud CRC32C Hash Tool (Platform Specific)  
2026-05-12 13:34:54,972 INFO     ___FILE_ONLY___  
2026-05-12 13:34:54,972 INFO     ___FILE_ONLY___ │ 
2026-05-12 13:34:54,972 INFO     ___FILE_ONLY___      1.0.0
2026-05-12 13:34:54,972 INFO     ___FILE_ONLY___  
2026-05-12 13:34:54,972 INFO     ___FILE_ONLY___ │ 
2026-05-12 13:34:54,973 INFO     ___FILE_ONLY___  1.5 MiB
2026-05-12 13:34:54,973 INFO     ___FILE_ONLY___  
2026-05-12 13:34:54,973 INFO     ___FILE_ONLY___ │
2026-05-12 13:34:54,973 INFO     ___FILE_ONLY___ 

2026-05-12 13:34:54,973 INFO     ___FILE_ONLY___ │ 
2026-05-12 13:34:54,973 INFO     ___FILE_ONLY___ gcloud cli dependencies (Platform Specific)        
2026-05-12 13:34:54,973 INFO     ___FILE_ONLY___  
2026-05-12 13:34:54,973 INFO     ___FILE_ONLY___ │ 
2026-05-12 13:34:54,973 INFO     ___FILE_ONLY___ 2021.04.16
2026-05-12 13:34:54,974 INFO     ___FILE_ONLY___  
2026-05-12 13:34:54,974 INFO     ___FILE_ONLY___ │ 
2026-05-12 13:34:54,974 INFO     ___FILE_ONLY___  < 1 MiB
2026-05-12 13:34:54,974 INFO     ___FILE_ONLY___  
2026-05-12 13:34:54,974 INFO     ___FILE_ONLY___ │
2026-05-12 13:34:54,974 INFO     ___FILE_ONLY___ 

2026-05-12 13:34:54,974 INFO     ___FILE_ONLY___ └─────────────────────────────────────────────────────┴────────────┴──────────┘
2026-05-12 13:34:54,974 INFO     ___FILE_ONLY___ 

2026-05-12 13:34:54,975 INFO     ___FILE_ONLY___ 

2026-05-12 13:34:54,976 DEBUG    root            On GCE from memory cache: False
2026-05-12 13:34:54,977 DEBUG    root            On GCE from memory cache: False
2026-05-12 13:34:54,978 DEBUG    urllib3.connectionpool Starting new HTTPS connection (1): dl.google.com:443
2026-05-12 13:34:55,191 DEBUG    urllib3.connectionpool https://dl.google.com:443 "GET /dl/cloudsdk/channels/rapid/RELEASE_NOTES HTTP/1.1" 200 363271
2026-05-12 13:34:55,750 INFO     ___FILE_ONLY___ For the latest full release notes, please visit:
  https://cloud.google.com/sdk/release_notes


2026-05-12 13:34:55,751 INFO     ___FILE_ONLY___ Performing in place update...


2026-05-12 13:34:55,753 INFO     ___FILE_ONLY___ ╔════════════════════════════════════════════════════════════╗

2026-05-12 13:34:55,753 INFO     ___FILE_ONLY___ ╠═ Downloading: BigQuery Command Line Tool                  ═╣

2026-05-12 13:34:55,753 INFO     ___FILE_ONLY___ ╚
2026-05-12 13:34:55,754 DEBUG    root            On GCE from memory cache: False
2026-05-12 13:34:55,755 DEBUG    root            On GCE from memory cache: False
2026-05-12 13:34:55,756 DEBUG    urllib3.connectionpool Starting new HTTPS connection (1): dl.google.com:443
2026-05-12 13:34:56,130 DEBUG    urllib3.connectionpool https://dl.google.com:443 "GET /dl/cloudsdk/channels/rapid/components/google-cloud-sdk-bq-20260327141905.tar.gz HTTP/1.1" 200 1931708
2026-05-12 13:34:56,142 INFO     ___FILE_ONLY___ ═
2026-05-12 13:34:56,142 INFO     ___FILE_ONLY___ ═
2026-05-12 13:34:56,142 INFO     ___FILE_ONLY___ ═
2026-05-12 13:34:56,143 INFO     ___FILE_ONLY___ ═
2026-05-12 13:34:56,143 INFO     ___FILE_ONLY___ ═
2026-05-12 13:34:56,143 INFO     ___FILE_ONLY___ ═
2026-05-12 13:34:56,143 INFO     ___FILE_ONLY___ ═
2026-05-12 13:34:56,143 INFO     ___FILE_ONLY___ ═
2026-05-12 13:34:56,143 INFO     ___FILE_ONLY___ ═
2026-05-12 13:34:56,143 INFO     ___FILE_ONLY___ ═
2026-05-12 13:34:56,143 INFO     ___FILE_ONLY___ ═
2026-05-12 13:34:56,143 INFO     ___FILE_ONLY___ ═
2026-05-12 13:34:56,143 INFO     ___FILE_ONLY___ ═
2026-05-12 13:34:56,144 INFO     ___FILE_ONLY___ ═
2026-05-12 13:34:56,144 INFO     ___FILE_ONLY___ ═
2026-05-12 13:34:56,144 INFO     ___FILE_ONLY___ ═
2026-05-12 13:34:56,144 INFO     ___FILE_ONLY___ ═
2026-05-12 13:34:56,144 INFO     ___FILE_ONLY___ ═
2026-05-12 13:34:56,144 INFO     ___FILE_ONLY___ ═
2026-05-12 13:34:56,145 INFO     ___FILE_ONLY___ ═
2026-05-12 13:34:56,145 INFO     ___FILE_ONLY___ ═
2026-05-12 13:34:56,145 INFO     ___FILE_ONLY___ ═
2026-05-12 13:34:56,145 INFO     ___FILE_ONLY___ ═
2026-05-12 13:34:56,145 INFO     ___FILE_ONLY___ ═
2026-05-12 13:34:56,145 INFO     ___FILE_ONLY___ ═
2026-05-12 13:34:56,146 INFO     ___FILE_ONLY___ ═
2026-05-12 13:34:56,146 INFO     ___FILE_ONLY___ ═
2026-05-12 13:34:56,146 INFO     ___FILE_ONLY___ ═
2026-05-12 13:34:56,146 INFO     ___FILE_ONLY___ ═
2026-05-12 13:34:56,147 INFO     ___FILE_ONLY___ ═
2026-05-12 13:34:56,147 INFO     ___FILE_ONLY___ ═
2026-05-12 13:34:56,147 INFO     ___FILE_ONLY___ ═
2026-05-12 13:34:56,147 INFO     ___FILE_ONLY___ ═
2026-05-12 13:34:56,147 INFO     ___FILE_ONLY___ ═
2026-05-12 13:34:56,147 INFO     ___FILE_ONLY___ ═
2026-05-12 13:34:56,148 INFO     ___FILE_ONLY___ ═
2026-05-12 13:34:56,148 INFO     ___FILE_ONLY___ ═
2026-05-12 13:34:56,148 INFO     ___FILE_ONLY___ ═
2026-05-12 13:34:56,148 INFO     ___FILE_ONLY___ ═
2026-05-12 13:34:56,148 INFO     ___FILE_ONLY___ ═
2026-05-12 13:34:56,149 INFO     ___FILE_ONLY___ ═
2026-05-12 13:34:56,149 INFO     ___FILE_ONLY___ ═
2026-05-12 13:34:56,149 INFO     ___FILE_ONLY___ ═
2026-05-12 13:34:56,149 INFO     ___FILE_ONLY___ ═
2026-05-12 13:34:56,149 INFO     ___FILE_ONLY___ ═
2026-05-12 13:34:56,149 INFO     ___FILE_ONLY___ ═
2026-05-12 13:34:56,150 INFO     ___FILE_ONLY___ ═
2026-05-12 13:34:56,150 INFO     ___FILE_ONLY___ ═
2026-05-12 13:34:56,150 INFO     ___FILE_ONLY___ ═
2026-05-12 13:34:56,150 INFO     ___FILE_ONLY___ ═
2026-05-12 13:34:56,150 INFO     ___FILE_ONLY___ ═
2026-05-12 13:34:56,151 INFO     ___FILE_ONLY___ ═
2026-05-12 13:34:56,151 INFO     ___FILE_ONLY___ ═
2026-05-12 13:34:56,151 INFO     ___FILE_ONLY___ ═
2026-05-12 13:34:56,151 INFO     ___FILE_ONLY___ ═
2026-05-12 13:34:56,151 INFO     ___FILE_ONLY___ ═
2026-05-12 13:34:56,151 INFO     ___FILE_ONLY___ ═
2026-05-12 13:34:56,152 INFO     ___FILE_ONLY___ ═
2026-05-12 13:34:56,152 INFO     ___FILE_ONLY___ ═
2026-05-12 13:34:56,152 INFO     ___FILE_ONLY___ ═
2026-05-12 13:34:56,152 INFO     ___FILE_ONLY___ ╝

2026-05-12 13:34:56,155 INFO     ___FILE_ONLY___ ╔════════════════════════════════════════════════════════════╗

2026-05-12 13:34:56,155 INFO     ___FILE_ONLY___ ╠═ Downloading: BigQuery Command Line Tool (Platform Spe... ═╣

2026-05-12 13:34:56,155 INFO     ___FILE_ONLY___ ╚
2026-05-12 13:34:56,156 DEBUG    root            On GCE from memory cache: False
2026-05-12 13:34:56,157 DEBUG    root            On GCE from memory cache: False
2026-05-12 13:34:56,158 DEBUG    urllib3.connectionpool Starting new HTTPS connection (1): dl.google.com:443
2026-05-12 13:34:56,305 DEBUG    urllib3.connectionpool https://dl.google.com:443 "GET /dl/cloudsdk/channels/rapid/components/google-cloud-sdk-bq-nix-20260424041539.tar.gz HTTP/1.1" 200 1948
2026-05-12 13:34:56,306 INFO     ___FILE_ONLY___ ════════════════════════════════════════════════════════════
2026-05-12 13:34:56,306 INFO     ___FILE_ONLY___ ╝

2026-05-12 13:34:56,308 INFO     ___FILE_ONLY___ ╔════════════════════════════════════════════════════════════╗

2026-05-12 13:34:56,308 INFO     ___FILE_ONLY___ ╠═ Downloading: Bundled Python 3.14                         ═╣

2026-05-12 13:34:56,308 INFO     ___FILE_ONLY___ ╚
2026-05-12 13:34:56,308 INFO     ___FILE_ONLY___ ════════════════════════════════════════════════════════════
2026-05-12 13:34:56,308 INFO     ___FILE_ONLY___ ╝

2026-05-12 13:34:56,310 INFO     ___FILE_ONLY___ ╔════════════════════════════════════════════════════════════╗

2026-05-12 13:34:56,311 INFO     ___FILE_ONLY___ ╠═ Downloading: Bundled Python 3.14 (Platform Specific)     ═╣

2026-05-12 13:34:56,311 INFO     ___FILE_ONLY___ ╚
2026-05-12 13:34:56,312 DEBUG    root            On GCE from memory cache: False
2026-05-12 13:34:56,313 DEBUG    root            On GCE from memory cache: False
2026-05-12 13:34:56,314 DEBUG    urllib3.connectionpool Starting new HTTPS connection (1): dl.google.com:443
2026-05-12 13:34:56,386 DEBUG    urllib3.connectionpool https://dl.google.com:443 "GET /dl/cloudsdk/channels/rapid/components/google-cloud-sdk-bundled-python3-unix-linux-x86_64-20260508041647.tar.gz HTTP/1.1" 200 27141728
2026-05-12 13:34:56,479 INFO     ___FILE_ONLY___ ═
2026-05-12 13:34:56,480 INFO     ___FILE_ONLY___ ═
2026-05-12 13:34:56,480 INFO     ___FILE_ONLY___ ═
2026-05-12 13:34:56,481 INFO     ___FILE_ONLY___ ═
2026-05-12 13:34:56,482 INFO     ___FILE_ONLY___ ═
2026-05-12 13:34:56,483 INFO     ___FILE_ONLY___ ═
2026-05-12 13:34:56,484 INFO     ___FILE_ONLY___ ═
2026-05-12 13:34:56,484 INFO     ___FILE_ONLY___ ═
2026-05-12 13:34:56,485 INFO     ___FILE_ONLY___ ═
2026-05-12 13:34:56,486 INFO     ___FILE_ONLY___ ═
2026-05-12 13:34:56,487 INFO     ___FILE_ONLY___ ═
2026-05-12 13:34:56,487 INFO     ___FILE_ONLY___ ═
2026-05-12 13:34:56,488 INFO     ___FILE_ONLY___ ═
2026-05-12 13:34:56,489 INFO     ___FILE_ONLY___ ═
2026-05-12 13:34:56,489 INFO     ___FILE_ONLY___ ═
2026-05-12 13:34:56,490 INFO     ___FILE_ONLY___ ═
2026-05-12 13:34:56,490 INFO     ___FILE_ONLY___ ═
2026-05-12 13:34:56,491 INFO     ___FILE_ONLY___ ═
2026-05-12 13:34:56,492 INFO     ___FILE_ONLY___ ═
2026-05-12 13:34:56,492 INFO     ___FILE_ONLY___ ═
2026-05-12 13:34:56,493 INFO     ___FILE_ONLY___ ═
2026-05-12 13:34:56,493 INFO     ___FILE_ONLY___ ═
2026-05-12 13:34:56,494 INFO     ___FILE_ONLY___ ═
2026-05-12 13:34:56,495 INFO     ___FILE_ONLY___ ═
2026-05-12 13:34:56,495 INFO     ___FILE_ONLY___ ═
2026-05-12 13:34:56,496 INFO     ___FILE_ONLY___ ═
2026-05-12 13:34:56,496 INFO     ___FILE_ONLY___ ═
2026-05-12 13:34:56,497 INFO     ___FILE_ONLY___ ═
2026-05-12 13:34:56,498 INFO     ___FILE_ONLY___ ═
2026-05-12 13:34:56,498 INFO     ___FILE_ONLY___ ═
2026-05-12 13:34:56,499 INFO     ___FILE_ONLY___ ═
2026-05-12 13:34:56,499 INFO     ___FILE_ONLY___ ═
2026-05-12 13:34:56,500 INFO     ___FILE_ONLY___ ═
2026-05-12 13:34:56,501 INFO     ___FILE_ONLY___ ═
2026-05-12 13:34:56,501 INFO     ___FILE_ONLY___ ═
2026-05-12 13:34:56,502 INFO     ___FILE_ONLY___ ═
2026-05-12 13:34:56,502 INFO     ___FILE_ONLY___ ═
2026-05-12 13:34:56,503 INFO     ___FILE_ONLY___ ═
2026-05-12 13:34:56,504 INFO     ___FILE_ONLY___ ═
2026-05-12 13:34:56,504 INFO     ___FILE_ONLY___ ═
2026-05-12 13:34:56,505 INFO     ___FILE_ONLY___ ═
2026-05-12 13:34:56,505 INFO     ___FILE_ONLY___ ═
2026-05-12 13:34:56,506 INFO     ___FILE_ONLY___ ═
2026-05-12 13:34:56,507 INFO     ___FILE_ONLY___ ═
2026-05-12 13:34:56,507 INFO     ___FILE_ONLY___ ═
2026-05-12 13:34:56,508 INFO     ___FILE_ONLY___ ═
2026-05-12 13:34:56,508 INFO     ___FILE_ONLY___ ═
2026-05-12 13:34:56,509 INFO     ___FILE_ONLY___ ═
2026-05-12 13:34:56,510 INFO     ___FILE_ONLY___ ═
2026-05-12 13:34:56,510 INFO     ___FILE_ONLY___ ═
2026-05-12 13:34:56,511 INFO     ___FILE_ONLY___ ═
2026-05-12 13:34:56,511 INFO     ___FILE_ONLY___ ═
2026-05-12 13:34:56,512 INFO     ___FILE_ONLY___ ═
2026-05-12 13:34:56,513 INFO     ___FILE_ONLY___ ═
2026-05-12 13:34:56,513 INFO     ___FILE_ONLY___ ═
2026-05-12 13:34:56,514 INFO     ___FILE_ONLY___ ═
2026-05-12 13:34:56,514 INFO     ___FILE_ONLY___ ═
2026-05-12 13:34:56,515 INFO     ___FILE_ONLY___ ═
2026-05-12 13:34:56,516 INFO     ___FILE_ONLY___ ═
2026-05-12 13:34:56,516 INFO     ___FILE_ONLY___ ═
2026-05-12 13:34:56,516 INFO     ___FILE_ONLY___ ╝

2026-05-12 13:34:56,519 INFO     ___FILE_ONLY___ ╔════════════════════════════════════════════════════════════╗

2026-05-12 13:34:56,519 INFO     ___FILE_ONLY___ ╠═ Downloading: Cloud Storage Command Line Tool             ═╣

2026-05-12 13:34:56,519 INFO     ___FILE_ONLY___ ╚
2026-05-12 13:34:56,520 DEBUG    root            On GCE from memory cache: False
2026-05-12 13:34:56,521 DEBUG    root            On GCE from memory cache: False
2026-05-12 13:34:56,522 DEBUG    urllib3.connectionpool Starting new HTTPS connection (1): dl.google.com:443
2026-05-12 13:34:56,740 DEBUG    urllib3.connectionpool https://dl.google.com:443 "GET /dl/cloudsdk/channels/rapid/components/google-cloud-sdk-gsutil-20260501041631.tar.gz HTTP/1.1" 200 12967034
2026-05-12 13:34:56,792 INFO     ___FILE_ONLY___ ═
2026-05-12 13:34:56,792 INFO     ___FILE_ONLY___ ═
2026-05-12 13:34:56,792 INFO     ___FILE_ONLY___ ═
2026-05-12 13:34:56,793 INFO     ___FILE_ONLY___ ═
2026-05-12 13:34:56,793 INFO     ___FILE_ONLY___ ═
2026-05-12 13:34:56,793 INFO     ___FILE_ONLY___ ═
2026-05-12 13:34:56,794 INFO     ___FILE_ONLY___ ═
2026-05-12 13:34:56,794 INFO     ___FILE_ONLY___ ═
2026-05-12 13:34:56,794 INFO     ___FILE_ONLY___ ═
2026-05-12 13:34:56,795 INFO     ___FILE_ONLY___ ═
2026-05-12 13:34:56,795 INFO     ___FILE_ONLY___ ═
2026-05-12 13:34:56,795 INFO     ___FILE_ONLY___ ═
2026-05-12 13:34:56,796 INFO     ___FILE_ONLY___ ═
2026-05-12 13:34:56,796 INFO     ___FILE_ONLY___ ═
2026-05-12 13:34:56,796 INFO     ___FILE_ONLY___ ═
2026-05-12 13:34:56,797 INFO     ___FILE_ONLY___ ═
2026-05-12 13:34:56,797 INFO     ___FILE_ONLY___ ═
2026-05-12 13:34:56,797 INFO     ___FILE_ONLY___ ═
2026-05-12 13:34:56,798 INFO     ___FILE_ONLY___ ═
2026-05-12 13:34:56,798 INFO     ___FILE_ONLY___ ═
2026-05-12 13:34:56,798 INFO     ___FILE_ONLY___ ═
2026-05-12 13:34:56,799 INFO     ___FILE_ONLY___ ═
2026-05-12 13:34:56,799 INFO     ___FILE_ONLY___ ═
2026-05-12 13:34:56,799 INFO     ___FILE_ONLY___ ═
2026-05-12 13:34:56,800 INFO     ___FILE_ONLY___ ═
2026-05-12 13:34:56,800 INFO     ___FILE_ONLY___ ═
2026-05-12 13:34:56,800 INFO     ___FILE_ONLY___ ═
2026-05-12 13:34:56,801 INFO     ___FILE_ONLY___ ═
2026-05-12 13:34:56,801 INFO     ___FILE_ONLY___ ═
2026-05-12 13:34:56,801 INFO     ___FILE_ONLY___ ═
2026-05-12 13:34:56,801 INFO     ___FILE_ONLY___ ═
2026-05-12 13:34:56,802 INFO     ___FILE_ONLY___ ═
2026-05-12 13:34:56,802 INFO     ___FILE_ONLY___ ═
2026-05-12 13:34:56,802 INFO     ___FILE_ONLY___ ═
2026-05-12 13:34:56,803 INFO     ___FILE_ONLY___ ═
2026-05-12 13:34:56,803 INFO     ___FILE_ONLY___ ═
2026-05-12 13:34:56,803 INFO     ___FILE_ONLY___ ═
2026-05-12 13:34:56,804 INFO     ___FILE_ONLY___ ═
2026-05-12 13:34:56,804 INFO     ___FILE_ONLY___ ═
2026-05-12 13:34:56,804 INFO     ___FILE_ONLY___ ═
2026-05-12 13:34:56,805 INFO     ___FILE_ONLY___ ═
2026-05-12 13:34:56,805 INFO     ___FILE_ONLY___ ═
2026-05-12 13:34:56,805 INFO     ___FILE_ONLY___ ═
2026-05-12 13:34:56,806 INFO     ___FILE_ONLY___ ═
2026-05-12 13:34:56,806 INFO     ___FILE_ONLY___ ═
2026-05-12 13:34:56,806 INFO     ___FILE_ONLY___ ═
2026-05-12 13:34:56,807 INFO     ___FILE_ONLY___ ═
2026-05-12 13:34:56,807 INFO     ___FILE_ONLY___ ═
2026-05-12 13:34:56,807 INFO     ___FILE_ONLY___ ═
2026-05-12 13:34:56,808 INFO     ___FILE_ONLY___ ═
2026-05-12 13:34:56,808 INFO     ___FILE_ONLY___ ═
2026-05-12 13:34:56,808 INFO     ___FILE_ONLY___ ═
2026-05-12 13:34:56,809 INFO     ___FILE_ONLY___ ═
2026-05-12 13:34:56,809 INFO     ___FILE_ONLY___ ═
2026-05-12 13:34:56,809 INFO     ___FILE_ONLY___ ═
2026-05-12 13:34:56,810 INFO     ___FILE_ONLY___ ═
2026-05-12 13:34:56,810 INFO     ___FILE_ONLY___ ═
2026-05-12 13:34:56,810 INFO     ___FILE_ONLY___ ═
2026-05-12 13:34:56,811 INFO     ___FILE_ONLY___ ═
2026-05-12 13:34:56,811 INFO     ___FILE_ONLY___ ═
2026-05-12 13:34:56,811 INFO     ___FILE_ONLY___ ╝

2026-05-12 13:34:56,813 INFO     ___FILE_ONLY___ ╔════════════════════════════════════════════════════════════╗

2026-05-12 13:34:56,813 INFO     ___FILE_ONLY___ ╠═ Downloading: Cloud Storage Command Line Tool (Platfor... ═╣

2026-05-12 13:34:56,813 INFO     ___FILE_ONLY___ ╚
2026-05-12 13:34:56,814 DEBUG    root            On GCE from memory cache: False
2026-05-12 13:34:56,816 DEBUG    root            On GCE from memory cache: False
2026-05-12 13:34:56,817 DEBUG    urllib3.connectionpool Starting new HTTPS connection (1): dl.google.com:443
2026-05-12 13:34:58,035 DEBUG    urllib3.connectionpool https://dl.google.com:443 "GET /dl/cloudsdk/channels/rapid/components/google-cloud-sdk-gsutil-nix-20260424041539.tar.gz HTTP/1.1" 200 1963
2026-05-12 13:34:58,035 INFO     ___FILE_ONLY___ ════════════════════════════════════════════════════════════
2026-05-12 13:34:58,035 INFO     ___FILE_ONLY___ ╝

2026-05-12 13:34:58,038 INFO     ___FILE_ONLY___ ╔════════════════════════════════════════════════════════════╗

2026-05-12 13:34:58,039 INFO     ___FILE_ONLY___ ╠═ Downloading: Default set of gcloud commands              ═╣

2026-05-12 13:34:58,039 INFO     ___FILE_ONLY___ ╚
2026-05-12 13:34:58,039 INFO     ___FILE_ONLY___ ════════════════════════════════════════════════════════════
2026-05-12 13:34:58,039 INFO     ___FILE_ONLY___ ╝

2026-05-12 13:34:58,041 INFO     ___FILE_ONLY___ ╔════════════════════════════════════════════════════════════╗

2026-05-12 13:34:58,041 INFO     ___FILE_ONLY___ ╠═ Downloading: Google Cloud CLI Core Libraries (Platfor... ═╣

2026-05-12 13:34:58,041 INFO     ___FILE_ONLY___ ╚
2026-05-12 13:34:58,042 DEBUG    root            On GCE from memory cache: False
2026-05-12 13:34:58,043 DEBUG    root            On GCE from memory cache: False
2026-05-12 13:34:58,044 DEBUG    urllib3.connectionpool Starting new HTTPS connection (1): dl.google.com:443
2026-05-12 13:34:58,264 DEBUG    urllib3.connectionpool https://dl.google.com:443 "GET /dl/cloudsdk/channels/rapid/components/google-cloud-sdk-core-nix-20260424041539.tar.gz HTTP/1.1" 200 2342
2026-05-12 13:34:58,265 INFO     ___FILE_ONLY___ ════════════════════════════════════════════════════════════
2026-05-12 13:34:58,265 INFO     ___FILE_ONLY___ ╝

2026-05-12 13:34:58,267 INFO     ___FILE_ONLY___ ╔════════════════════════════════════════════════════════════╗

2026-05-12 13:34:58,268 INFO     ___FILE_ONLY___ ╠═ Downloading: Google Cloud CRC32C Hash Tool               ═╣

2026-05-12 13:34:58,268 INFO     ___FILE_ONLY___ ╚
2026-05-12 13:34:58,268 INFO     ___FILE_ONLY___ ════════════════════════════════════════════════════════════
2026-05-12 13:34:58,268 INFO     ___FILE_ONLY___ ╝

2026-05-12 13:34:58,270 INFO     ___FILE_ONLY___ ╔════════════════════════════════════════════════════════════╗

2026-05-12 13:34:58,270 INFO     ___FILE_ONLY___ ╠═ Downloading: Google Cloud CRC32C Hash Tool (Platform ... ═╣

2026-05-12 13:34:58,271 INFO     ___FILE_ONLY___ ╚
2026-05-12 13:34:58,272 DEBUG    root            On GCE from memory cache: False
2026-05-12 13:34:58,273 DEBUG    root            On GCE from memory cache: False
2026-05-12 13:34:58,274 DEBUG    urllib3.connectionpool Starting new HTTPS connection (1): dl.google.com:443
2026-05-12 13:34:58,319 DEBUG    urllib3.connectionpool https://dl.google.com:443 "GET /dl/cloudsdk/channels/rapid/components/google-cloud-sdk-gcloud-crc32c-linux-x86_64-20260424041539.tar.gz HTTP/1.1" 200 1609375
2026-05-12 13:34:58,330 INFO     ___FILE_ONLY___ ═
2026-05-12 13:34:58,330 INFO     ___FILE_ONLY___ ═
2026-05-12 13:34:58,330 INFO     ___FILE_ONLY___ ═
2026-05-12 13:34:58,330 INFO     ___FILE_ONLY___ ═
2026-05-12 13:34:58,331 INFO     ___FILE_ONLY___ ═
2026-05-12 13:34:58,331 INFO     ___FILE_ONLY___ ═
2026-05-12 13:34:58,331 INFO     ___FILE_ONLY___ ═
2026-05-12 13:34:58,331 INFO     ___FILE_ONLY___ ═
2026-05-12 13:34:58,331 INFO     ___FILE_ONLY___ ═
2026-05-12 13:34:58,332 INFO     ___FILE_ONLY___ ═
2026-05-12 13:34:58,332 INFO     ___FILE_ONLY___ ═
2026-05-12 13:34:58,332 INFO     ___FILE_ONLY___ ═
2026-05-12 13:34:58,332 INFO     ___FILE_ONLY___ ═
2026-05-12 13:34:58,332 INFO     ___FILE_ONLY___ ═
2026-05-12 13:34:58,332 INFO     ___FILE_ONLY___ ═
2026-05-12 13:34:58,333 INFO     ___FILE_ONLY___ ═
2026-05-12 13:34:58,333 INFO     ___FILE_ONLY___ ═
2026-05-12 13:34:58,333 INFO     ___FILE_ONLY___ ═
2026-05-12 13:34:58,333 INFO     ___FILE_ONLY___ ═
2026-05-12 13:34:58,333 INFO     ___FILE_ONLY___ ═
2026-05-12 13:34:58,333 INFO     ___FILE_ONLY___ ═
2026-05-12 13:34:58,334 INFO     ___FILE_ONLY___ ═
2026-05-12 13:34:58,334 INFO     ___FILE_ONLY___ ═
2026-05-12 13:34:58,334 INFO     ___FILE_ONLY___ ═
2026-05-12 13:34:58,334 INFO     ___FILE_ONLY___ ═
2026-05-12 13:34:58,334 INFO     ___FILE_ONLY___ ═
2026-05-12 13:34:58,334 INFO     ___FILE_ONLY___ ═
2026-05-12 13:34:58,334 INFO     ___FILE_ONLY___ ═
2026-05-12 13:34:58,334 INFO     ___FILE_ONLY___ ═
2026-05-12 13:34:58,334 INFO     ___FILE_ONLY___ ═
2026-05-12 13:34:58,334 INFO     ___FILE_ONLY___ ═
2026-05-12 13:34:58,334 INFO     ___FILE_ONLY___ ═
2026-05-12 13:34:58,335 INFO     ___FILE_ONLY___ ═
2026-05-12 13:34:58,335 INFO     ___FILE_ONLY___ ═
2026-05-12 13:34:58,335 INFO     ___FILE_ONLY___ ═
2026-05-12 13:34:58,335 INFO     ___FILE_ONLY___ ═
2026-05-12 13:34:58,335 INFO     ___FILE_ONLY___ ═
2026-05-12 13:34:58,335 INFO     ___FILE_ONLY___ ═
2026-05-12 13:34:58,335 INFO     ___FILE_ONLY___ ═
2026-05-12 13:34:58,335 INFO     ___FILE_ONLY___ ═
2026-05-12 13:34:58,335 INFO     ___FILE_ONLY___ ═
2026-05-12 13:34:58,335 INFO     ___FILE_ONLY___ ═
2026-05-12 13:34:58,336 INFO     ___FILE_ONLY___ ═
2026-05-12 13:34:58,336 INFO     ___FILE_ONLY___ ═
2026-05-12 13:34:58,336 INFO     ___FILE_ONLY___ ═
2026-05-12 13:34:58,336 INFO     ___FILE_ONLY___ ═
2026-05-12 13:34:58,336 INFO     ___FILE_ONLY___ ═
2026-05-12 13:34:58,336 INFO     ___FILE_ONLY___ ═
2026-05-12 13:34:58,336 INFO     ___FILE_ONLY___ ═
2026-05-12 13:34:58,336 INFO     ___FILE_ONLY___ ═
2026-05-12 13:34:58,336 INFO     ___FILE_ONLY___ ═
2026-05-12 13:34:58,337 INFO     ___FILE_ONLY___ ═
2026-05-12 13:34:58,337 INFO     ___FILE_ONLY___ ═
2026-05-12 13:34:58,337 INFO     ___FILE_ONLY___ ═
2026-05-12 13:34:58,337 INFO     ___FILE_ONLY___ ═
2026-05-12 13:34:58,337 INFO     ___FILE_ONLY___ ═
2026-05-12 13:34:58,337 INFO     ___FILE_ONLY___ ═
2026-05-12 13:34:58,337 INFO     ___FILE_ONLY___ ═
2026-05-12 13:34:58,337 INFO     ___FILE_ONLY___ ═
2026-05-12 13:34:58,338 INFO     ___FILE_ONLY___ ═
2026-05-12 13:34:58,338 INFO     ___FILE_ONLY___ ╝

2026-05-12 13:34:58,340 INFO     ___FILE_ONLY___ ╔════════════════════════════════════════════════════════════╗

2026-05-12 13:34:58,340 INFO     ___FILE_ONLY___ ╠═ Downloading: gcloud cli dependencies (Platform Specific) ═╣

2026-05-12 13:34:58,340 INFO     ___FILE_ONLY___ ╚
2026-05-12 13:34:58,341 DEBUG    root            On GCE from memory cache: False
2026-05-12 13:34:58,342 DEBUG    root            On GCE from memory cache: False
2026-05-12 13:34:58,343 DEBUG    urllib3.connectionpool Starting new HTTPS connection (1): dl.google.com:443
2026-05-12 13:34:58,547 DEBUG    urllib3.connectionpool https://dl.google.com:443 "GET /dl/cloudsdk/channels/rapid/components/google-cloud-sdk-gcloud-deps-linux-x86_64-20210416153011.tar.gz HTTP/1.1" 200 104
2026-05-12 13:34:58,549 INFO     ___FILE_ONLY___ ════════════════════════════════════════════════════════════
2026-05-12 13:34:58,549 INFO     ___FILE_ONLY___ ╝

2026-05-12 13:34:58,551 INFO     ___FILE_ONLY___ ╔════════════════════════════════════════════════════════════╗

2026-05-12 13:34:58,551 INFO     ___FILE_ONLY___ ╠═ Installing: BigQuery Command Line Tool                   ═╣

2026-05-12 13:34:58,551 INFO     ___FILE_ONLY___ ╚
2026-05-12 13:34:58,650 INFO     ___FILE_ONLY___ ═
2026-05-12 13:34:58,652 INFO     ___FILE_ONLY___ ═
2026-05-12 13:34:58,655 INFO     ___FILE_ONLY___ ═
2026-05-12 13:34:58,658 INFO     ___FILE_ONLY___ ═
2026-05-12 13:34:58,661 INFO     ___FILE_ONLY___ ═
2026-05-12 13:34:58,664 INFO     ___FILE_ONLY___ ═
2026-05-12 13:34:58,667 INFO     ___FILE_ONLY___ ═
2026-05-12 13:34:58,670 INFO     ___FILE_ONLY___ ═
2026-05-12 13:34:58,672 INFO     ___FILE_ONLY___ ═
2026-05-12 13:34:58,675 INFO     ___FILE_ONLY___ ═
2026-05-12 13:34:58,678 INFO     ___FILE_ONLY___ ═
2026-05-12 13:34:58,680 INFO     ___FILE_ONLY___ ═
2026-05-12 13:34:58,683 INFO     ___FILE_ONLY___ ═
2026-05-12 13:34:58,686 INFO     ___FILE_ONLY___ ═
2026-05-12 13:34:58,689 INFO     ___FILE_ONLY___ ═
2026-05-12 13:34:58,691 INFO     ___FILE_ONLY___ ═
2026-05-12 13:34:58,693 INFO     ___FILE_ONLY___ ═
2026-05-12 13:34:58,697 INFO     ___FILE_ONLY___ ═
2026-05-12 13:34:58,700 INFO     ___FILE_ONLY___ ═
2026-05-12 13:34:58,703 INFO     ___FILE_ONLY___ ═
2026-05-12 13:34:58,706 INFO     ___FILE_ONLY___ ═
2026-05-12 13:34:58,708 INFO     ___FILE_ONLY___ ═
2026-05-12 13:34:58,710 INFO     ___FILE_ONLY___ ═
2026-05-12 13:34:58,713 INFO     ___FILE_ONLY___ ═
2026-05-12 13:34:58,715 INFO     ___FILE_ONLY___ ═
2026-05-12 13:34:58,717 INFO     ___FILE_ONLY___ ═
2026-05-12 13:34:58,720 INFO     ___FILE_ONLY___ ═
2026-05-12 13:34:58,721 INFO     ___FILE_ONLY___ ═
2026-05-12 13:34:58,724 INFO     ___FILE_ONLY___ ═
2026-05-12 13:34:58,725 INFO     ___FILE_ONLY___ ═
2026-05-12 13:34:58,727 INFO     ___FILE_ONLY___ ═
2026-05-12 13:34:58,729 INFO     ___FILE_ONLY___ ═
2026-05-12 13:34:58,731 INFO     ___FILE_ONLY___ ═
2026-05-12 13:34:58,735 INFO     ___FILE_ONLY___ ═
2026-05-12 13:34:58,737 INFO     ___FILE_ONLY___ ═
2026-05-12 13:34:58,739 INFO     ___FILE_ONLY___ ═
2026-05-12 13:34:58,742 INFO     ___FILE_ONLY___ ═
2026-05-12 13:34:58,745 INFO     ___FILE_ONLY___ ═
2026-05-12 13:34:58,754 INFO     ___FILE_ONLY___ ═
2026-05-12 13:34:58,762 INFO     ___FILE_ONLY___ ═
2026-05-12 13:34:58,764 INFO     ___FILE_ONLY___ ═
2026-05-12 13:34:58,766 INFO     ___FILE_ONLY___ ═
2026-05-12 13:34:58,769 INFO     ___FILE_ONLY___ ═
2026-05-12 13:34:58,772 INFO     ___FILE_ONLY___ ═
2026-05-12 13:34:58,775 INFO     ___FILE_ONLY___ ═
2026-05-12 13:34:58,779 INFO     ___FILE_ONLY___ ═
2026-05-12 13:34:58,782 INFO     ___FILE_ONLY___ ═
2026-05-12 13:34:58,784 INFO     ___FILE_ONLY___ ═
2026-05-12 13:34:58,787 INFO     ___FILE_ONLY___ ═
2026-05-12 13:34:58,789 INFO     ___FILE_ONLY___ ═
2026-05-12 13:34:58,791 INFO     ___FILE_ONLY___ ═
2026-05-12 13:34:58,794 INFO     ___FILE_ONLY___ ═
2026-05-12 13:34:58,797 INFO     ___FILE_ONLY___ ═
2026-05-12 13:34:58,800 INFO     ___FILE_ONLY___ ═
2026-05-12 13:34:58,802 INFO     ___FILE_ONLY___ ═
2026-05-12 13:34:58,804 INFO     ___FILE_ONLY___ ═
2026-05-12 13:34:58,807 INFO     ___FILE_ONLY___ ═
2026-05-12 13:34:58,809 INFO     ___FILE_ONLY___ ═
2026-05-12 13:34:58,811 INFO     ___FILE_ONLY___ ═
2026-05-12 13:34:58,814 INFO     ___FILE_ONLY___ ═
2026-05-12 13:34:58,814 INFO     ___FILE_ONLY___ ╝

2026-05-12 13:34:58,822 INFO     ___FILE_ONLY___ ╔════════════════════════════════════════════════════════════╗

2026-05-12 13:34:58,822 INFO     ___FILE_ONLY___ ╠═ Installing: BigQuery Command Line Tool (Platform Spec... ═╣

2026-05-12 13:34:58,822 INFO     ___FILE_ONLY___ ╚
2026-05-12 13:34:58,823 INFO     ___FILE_ONLY___ ════════════════════════════════════════════════════════════
2026-05-12 13:34:58,823 INFO     ___FILE_ONLY___ ╝

2026-05-12 13:34:58,829 INFO     ___FILE_ONLY___ ╔════════════════════════════════════════════════════════════╗

2026-05-12 13:34:58,829 INFO     ___FILE_ONLY___ ╠═ Installing: Bundled Python 3.14                          ═╣

2026-05-12 13:34:58,829 INFO     ___FILE_ONLY___ ╚
2026-05-12 13:34:58,832 INFO     ___FILE_ONLY___ ════════════════════════════════════════════════════════════
2026-05-12 13:34:58,832 INFO     ___FILE_ONLY___ ╝

2026-05-12 13:34:58,833 INFO     ___FILE_ONLY___ ╔════════════════════════════════════════════════════════════╗

2026-05-12 13:34:58,834 INFO     ___FILE_ONLY___ ╠═ Installing: Bundled Python 3.14 (Platform Specific)      ═╣

2026-05-12 13:34:58,834 INFO     ___FILE_ONLY___ ╚
2026-05-12 13:34:59,741 INFO     ___FILE_ONLY___ ═
2026-05-12 13:34:59,757 INFO     ___FILE_ONLY___ ═
2026-05-12 13:34:59,772 INFO     ___FILE_ONLY___ ═
2026-05-12 13:34:59,948 INFO     ___FILE_ONLY___ ═
2026-05-12 13:34:59,972 INFO     ___FILE_ONLY___ ═
2026-05-12 13:34:59,998 INFO     ___FILE_ONLY___ ═
2026-05-12 13:35:00,023 INFO     ___FILE_ONLY___ ═
2026-05-12 13:35:00,040 INFO     ___FILE_ONLY___ ═
2026-05-12 13:35:00,069 INFO     ___FILE_ONLY___ ═
2026-05-12 13:35:00,083 INFO     ___FILE_ONLY___ ═
2026-05-12 13:35:00,183 INFO     ___FILE_ONLY___ ═
2026-05-12 13:35:00,200 INFO     ___FILE_ONLY___ ═
2026-05-12 13:35:00,220 INFO     ___FILE_ONLY___ ═
2026-05-12 13:35:00,247 INFO     ___FILE_ONLY___ ═
2026-05-12 13:35:00,264 INFO     ___FILE_ONLY___ ═
2026-05-12 13:35:00,283 INFO     ___FILE_ONLY___ ═
2026-05-12 13:35:00,296 INFO     ___FILE_ONLY___ ═
2026-05-12 13:35:00,313 INFO     ___FILE_ONLY___ ═
2026-05-12 13:35:00,328 INFO     ___FILE_ONLY___ ═
2026-05-12 13:35:00,347 INFO     ___FILE_ONLY___ ═
2026-05-12 13:35:00,369 INFO     ___FILE_ONLY___ ═
2026-05-12 13:35:00,388 INFO     ___FILE_ONLY___ ═
2026-05-12 13:35:00,550 INFO     ___FILE_ONLY___ ═
2026-05-12 13:35:00,572 INFO     ___FILE_ONLY___ ═
2026-05-12 13:35:00,596 INFO     ___FILE_ONLY___ ═
2026-05-12 13:35:00,643 INFO     ___FILE_ONLY___ ═
2026-05-12 13:35:00,662 INFO     ___FILE_ONLY___ ═
2026-05-12 13:35:00,675 INFO     ___FILE_ONLY___ ═
2026-05-12 13:35:00,689 INFO     ___FILE_ONLY___ ═
2026-05-12 13:35:00,703 INFO     ___FILE_ONLY___ ═
2026-05-12 13:35:00,715 INFO     ___FILE_ONLY___ ═
2026-05-12 13:35:00,729 INFO     ___FILE_ONLY___ ═
2026-05-12 13:35:00,741 INFO     ___FILE_ONLY___ ═
2026-05-12 13:35:00,755 INFO     ___FILE_ONLY___ ═
2026-05-12 13:35:00,768 INFO     ___FILE_ONLY___ ═
2026-05-12 13:35:00,780 INFO     ___FILE_ONLY___ ═
2026-05-12 13:35:00,793 INFO     ___FILE_ONLY___ ═
2026-05-12 13:35:00,806 INFO     ___FILE_ONLY___ ═
2026-05-12 13:35:00,821 INFO     ___FILE_ONLY___ ═
2026-05-12 13:35:00,834 INFO     ___FILE_ONLY___ ═
2026-05-12 13:35:00,847 INFO     ___FILE_ONLY___ ═
2026-05-12 13:35:00,860 INFO     ___FILE_ONLY___ ═
2026-05-12 13:35:00,873 INFO     ___FILE_ONLY___ ═
2026-05-12 13:35:00,885 INFO     ___FILE_ONLY___ ═
2026-05-12 13:35:00,898 INFO     ___FILE_ONLY___ ═
2026-05-12 13:35:00,911 INFO     ___FILE_ONLY___ ═
2026-05-12 13:35:00,925 INFO     ___FILE_ONLY___ ═
2026-05-12 13:35:00,939 INFO     ___FILE_ONLY___ ═
2026-05-12 13:35:00,952 INFO     ___FILE_ONLY___ ═
2026-05-12 13:35:00,964 INFO     ___FILE_ONLY___ ═
2026-05-12 13:35:00,977 INFO     ___FILE_ONLY___ ═
2026-05-12 13:35:00,991 INFO     ___FILE_ONLY___ ═
2026-05-12 13:35:01,004 INFO     ___FILE_ONLY___ ═
2026-05-12 13:35:01,018 INFO     ___FILE_ONLY___ ═
2026-05-12 13:35:01,032 INFO     ___FILE_ONLY___ ═
2026-05-12 13:35:01,045 INFO     ___FILE_ONLY___ ═
2026-05-12 13:35:01,058 INFO     ___FILE_ONLY___ ═
2026-05-12 13:35:01,072 INFO     ___FILE_ONLY___ ═
2026-05-12 13:35:01,086 INFO     ___FILE_ONLY___ ═
2026-05-12 13:35:01,098 INFO     ___FILE_ONLY___ ═
2026-05-12 13:35:01,098 INFO     ___FILE_ONLY___ ╝

2026-05-12 13:35:01,140 INFO     ___FILE_ONLY___ ╔════════════════════════════════════════════════════════════╗

2026-05-12 13:35:01,140 INFO     ___FILE_ONLY___ ╠═ Installing: Cloud Storage Command Line Tool              ═╣

2026-05-12 13:35:01,140 INFO     ___FILE_ONLY___ ╚
2026-05-12 13:35:01,679 INFO     ___FILE_ONLY___ ═
2026-05-12 13:35:01,691 INFO     ___FILE_ONLY___ ═
2026-05-12 13:35:01,702 INFO     ___FILE_ONLY___ ═
2026-05-12 13:35:01,712 INFO     ___FILE_ONLY___ ═
2026-05-12 13:35:01,722 INFO     ___FILE_ONLY___ ═
2026-05-12 13:35:01,757 INFO     ___FILE_ONLY___ ═
2026-05-12 13:35:01,770 INFO     ___FILE_ONLY___ ═
2026-05-12 13:35:01,786 INFO     ___FILE_ONLY___ ═
2026-05-12 13:35:01,807 INFO     ___FILE_ONLY___ ═
2026-05-12 13:35:01,823 INFO     ___FILE_ONLY___ ═
2026-05-12 13:35:01,841 INFO     ___FILE_ONLY___ ═
2026-05-12 13:35:01,852 INFO     ___FILE_ONLY___ ═
2026-05-12 13:35:01,864 INFO     ___FILE_ONLY___ ═
2026-05-12 13:35:01,873 INFO     ___FILE_ONLY___ ═
2026-05-12 13:35:01,884 INFO     ___FILE_ONLY___ ═
2026-05-12 13:35:01,903 INFO     ___FILE_ONLY___ ═
2026-05-12 13:35:01,917 INFO     ___FILE_ONLY___ ═
2026-05-12 13:35:01,927 INFO     ___FILE_ONLY___ ═
2026-05-12 13:35:01,940 INFO     ___FILE_ONLY___ ═
2026-05-12 13:35:01,951 INFO     ___FILE_ONLY___ ═
2026-05-12 13:35:01,961 INFO     ___FILE_ONLY___ ═
2026-05-12 13:35:01,974 INFO     ___FILE_ONLY___ ═
2026-05-12 13:35:01,985 INFO     ___FILE_ONLY___ ═
2026-05-12 13:35:01,997 INFO     ___FILE_ONLY___ ═
2026-05-12 13:35:02,008 INFO     ___FILE_ONLY___ ═
2026-05-12 13:35:02,020 INFO     ___FILE_ONLY___ ═
2026-05-12 13:35:02,030 INFO     ___FILE_ONLY___ ═
2026-05-12 13:35:02,045 INFO     ___FILE_ONLY___ ═
2026-05-12 13:35:02,062 INFO     ___FILE_ONLY___ ═
2026-05-12 13:35:02,076 INFO     ___FILE_ONLY___ ═
2026-05-12 13:35:02,090 INFO     ___FILE_ONLY___ ═
2026-05-12 13:35:02,112 INFO     ___FILE_ONLY___ ═
2026-05-12 13:35:02,129 INFO     ___FILE_ONLY___ ═
2026-05-12 13:35:02,149 INFO     ___FILE_ONLY___ ═
2026-05-12 13:35:02,166 INFO     ___FILE_ONLY___ ═
2026-05-12 13:35:02,183 INFO     ___FILE_ONLY___ ═
2026-05-12 13:35:02,194 INFO     ___FILE_ONLY___ ═
2026-05-12 13:35:02,206 INFO     ___FILE_ONLY___ ═
2026-05-12 13:35:02,243 INFO     ___FILE_ONLY___ ═
2026-05-12 13:35:02,257 INFO     ___FILE_ONLY___ ═
2026-05-12 13:35:02,269 INFO     ___FILE_ONLY___ ═
2026-05-12 13:35:02,280 INFO     ___FILE_ONLY___ ═
2026-05-12 13:35:02,290 INFO     ___FILE_ONLY___ ═
2026-05-12 13:35:02,301 INFO     ___FILE_ONLY___ ═
2026-05-12 13:35:02,312 INFO     ___FILE_ONLY___ ═
2026-05-12 13:35:02,322 INFO     ___FILE_ONLY___ ═
2026-05-12 13:35:02,336 INFO     ___FILE_ONLY___ ═
2026-05-12 13:35:02,347 INFO     ___FILE_ONLY___ ═
2026-05-12 13:35:02,357 INFO     ___FILE_ONLY___ ═
2026-05-12 13:35:02,370 INFO     ___FILE_ONLY___ ═
2026-05-12 13:35:02,384 INFO     ___FILE_ONLY___ ═
2026-05-12 13:35:02,398 INFO     ___FILE_ONLY___ ═
2026-05-12 13:35:02,411 INFO     ___FILE_ONLY___ ═
2026-05-12 13:35:02,425 INFO     ___FILE_ONLY___ ═
2026-05-12 13:35:02,438 INFO     ___FILE_ONLY___ ═
2026-05-12 13:35:02,454 INFO     ___FILE_ONLY___ ═
2026-05-12 13:35:02,471 INFO     ___FILE_ONLY___ ═
2026-05-12 13:35:02,493 INFO     ___FILE_ONLY___ ═
2026-05-12 13:35:02,510 INFO     ___FILE_ONLY___ ═
2026-05-12 13:35:02,528 INFO     ___FILE_ONLY___ ═
2026-05-12 13:35:02,528 INFO     ___FILE_ONLY___ ╝

2026-05-12 13:35:02,560 INFO     ___FILE_ONLY___ ╔════════════════════════════════════════════════════════════╗

2026-05-12 13:35:02,560 INFO     ___FILE_ONLY___ ╠═ Installing: Cloud Storage Command Line Tool (Platform... ═╣

2026-05-12 13:35:02,560 INFO     ___FILE_ONLY___ ╚
2026-05-12 13:35:02,561 INFO     ___FILE_ONLY___ ════════════════════════════════════════════════════════════
2026-05-12 13:35:02,561 INFO     ___FILE_ONLY___ ╝

2026-05-12 13:35:02,565 INFO     ___FILE_ONLY___ ╔════════════════════════════════════════════════════════════╗

2026-05-12 13:35:02,565 INFO     ___FILE_ONLY___ ╠═ Installing: Default set of gcloud commands               ═╣

2026-05-12 13:35:02,566 INFO     ___FILE_ONLY___ ╚
2026-05-12 13:35:02,568 INFO     ___FILE_ONLY___ ════════════════════════════════════════════════════════════
2026-05-12 13:35:02,568 INFO     ___FILE_ONLY___ ╝

2026-05-12 13:35:02,570 INFO     ___FILE_ONLY___ ╔════════════════════════════════════════════════════════════╗

2026-05-12 13:35:02,571 INFO     ___FILE_ONLY___ ╠═ Installing: Google Cloud CLI Core Libraries (Platform... ═╣

2026-05-12 13:35:02,571 INFO     ___FILE_ONLY___ ╚
2026-05-12 13:35:02,572 INFO     ___FILE_ONLY___ ══════════════════════════════
2026-05-12 13:35:02,572 INFO     ___FILE_ONLY___ ══════════════════════════════
2026-05-12 13:35:02,572 INFO     ___FILE_ONLY___ ╝

2026-05-12 13:35:02,577 INFO     ___FILE_ONLY___ ╔════════════════════════════════════════════════════════════╗

2026-05-12 13:35:02,577 INFO     ___FILE_ONLY___ ╠═ Installing: Google Cloud CRC32C Hash Tool                ═╣

2026-05-12 13:35:02,577 INFO     ___FILE_ONLY___ ╚
2026-05-12 13:35:02,580 INFO     ___FILE_ONLY___ ════════════════════════════════════════════════════════════
2026-05-12 13:35:02,580 INFO     ___FILE_ONLY___ ╝

2026-05-12 13:35:02,582 INFO     ___FILE_ONLY___ ╔════════════════════════════════════════════════════════════╗

2026-05-12 13:35:02,582 INFO     ___FILE_ONLY___ ╠═ Installing: Google Cloud CRC32C Hash Tool (Platform S... ═╣

2026-05-12 13:35:02,582 INFO     ___FILE_ONLY___ ╚
2026-05-12 13:35:02,621 INFO     ___FILE_ONLY___ ══════════════════════════════
2026-05-12 13:35:02,621 INFO     ___FILE_ONLY___ ══════════════════════════════
2026-05-12 13:35:02,622 INFO     ___FILE_ONLY___ ╝

2026-05-12 13:35:02,627 INFO     ___FILE_ONLY___ ╔════════════════════════════════════════════════════════════╗

2026-05-12 13:35:02,627 INFO     ___FILE_ONLY___ ╠═ Installing: gcloud cli dependencies (Platform Specific)  ═╣

2026-05-12 13:35:02,627 INFO     ___FILE_ONLY___ ╚
2026-05-12 13:35:02,627 INFO     ___FILE_ONLY___ ════════════════════════════════════════════════════════════
2026-05-12 13:35:02,628 INFO     ___FILE_ONLY___ ╝

2026-05-12 13:35:02,636 DEBUG    root            Updating notification cache...
2026-05-12 13:35:02,636 INFO     ___FILE_ONLY___ 

2026-05-12 13:35:02,638 INFO     ___FILE_ONLY___ Performing post processing steps...
2026-05-12 13:35:02,639 DEBUG    root            Executing command: ['/tools/google-cloud-sdk/bin/gcloud', 'components', 'post-process']
2026-05-12 13:35:13,086 DEBUG    ___FILE_ONLY___ 
2026-05-12 13:35:13,086 DEBUG    ___FILE_ONLY___ 
2026-05-12 13:35:13,194 INFO     root            descriptor_list: [{'universeDomain': 'googleapis.com', 'universeShortName': '', 'authenticationDomain': 'auth.cloud.google.com', 'projectPrefix': '', 'cloudWebDomain': 'cloud.google.com', 'documentationDomain': 'cloud.google.com', 'version': '1.0.0', 'state': 'primary', 'artifactRegistryDomain': 'pkg.dev'}]
2026-05-12 13:35:13,196 INFO     ___FILE_ONLY___ 
Update done!


2026-05-12 13:35:13,199 DEBUG    root            Chosen display Format:none
2026-05-12 13:35:13,200 INFO     root            Display format: "none"
